[2026-07-22 17:43:43] CMD: cd ~/.config/KosDWM | SUCCESS: True | OUTPUT_LEN: 69
[2026-07-22 17:43:45] CMD: pwd | SUCCESS: True | OUTPUT_LEN: 42
[2026-07-22 17:43:48] CMD: ls -la ~/.config/KosDWM/ | SUCCESS: True | OUTPUT_LEN: 205
[2026-07-22 17:43:51] CMD: ls -la ~/.config/KosDWM/gadgets/ | SUCCESS: True | OUTPUT_LEN: 547
[2026-07-22 17:44:46] CMD: find /home/t3ch -name gadgets.py -type f 2>/dev/null | SUCCESS: True | OUTPUT_LEN: 59
[2026-07-22 17:44:50] CMD: find . -name gadgets.py -type f | SUCCESS: True | OUTPUT_LEN: 17
[2026-07-22 17:46:28] CMD: ls -la /home/t3ch/adata2/OurAI/playground/KosDWM/src/ | SUCCESS: True | OUTPUT_LEN: 552
[2026-07-22 17:47:23] CMD: python -c import sys; sys.path.insert(0, '/home/t3ch/adata2/OurAI/playground/KosDWM/src'); from notices_store import NoticesStore; print('Store OK') | SUCCESS: True | OUTPUT_LEN: 9
[2026-07-22 17:47:27] CMD: python -m py_compile ~/.config/KosDWM/gadgets/notices.py | SUCCESS: True | OUTPUT_LEN: 0
[2026-07-22 17:47:31] CMD: rm -rf ~/.config/KosDWM/gadgets/__pycache__ | SUCCESS: True | OUTPUT_LEN: 0
[2026-07-23 16:00:27] CMD: ls -la ../KosDB/ | SUCCESS: True | OUTPUT_LEN: 11841
[2026-07-23 16:00:33] CMD: cat ../KosDB/AUTOVERSION.py | SUCCESS: True | OUTPUT_LEN: 528
[2026-07-23 16:00:38] CMD: ls -la ../KosDB/.git/hooks/ | SUCCESS: True | OUTPUT_LEN: 1014
[2026-07-23 16:00:42] CMD: cat ../KosDB/.git/hooks/pre-commit | SUCCESS: True | OUTPUT_LEN: 2295
[2026-07-23 16:02:12] CMD: ls -la src/ | SUCCESS: True | OUTPUT_LEN: 552
[2026-07-23 16:02:17] CMD: ls -la . | SUCCESS: True | OUTPUT_LEN: 1748
[2026-07-23 16:02:59] CMD: pwd | SUCCESS: True | OUTPUT_LEN: 42
[2026-07-23 16:03:03] CMD: head -50 src/gadgets.py | SUCCESS: True | OUTPUT_LEN: 1196
[2026-07-23 16:03:32] CMD: python install_hooks.py | SUCCESS: True | OUTPUT_LEN: 130
[2026-07-23 16:03:35] CMD: ls -la install_hooks.py | SUCCESS: True | OUTPUT_LEN: 90
[2026-07-23 16:03:38] CMD: ls -la | SUCCESS: True | OUTPUT_LEN: 1748
[2026-07-23 16:03:41] CMD: ls -la ~ | SUCCESS: True | OUTPUT_LEN: 148
[2026-07-23 16:03:58] CMD: python install_hooks.py | SUCCESS: True | OUTPUT_LEN: 130
[2026-07-23 16:04:30] CMD: pwd | SUCCESS: True | OUTPUT_LEN: 42
[2026-07-23 16:04:33] CMD: ls -la install_hooks.py | SUCCESS: True | OUTPUT_LEN: 90
[2026-07-23 16:04:36] CMD: ls -la | SUCCESS: True | OUTPUT_LEN: 1748
[2026-07-23 16:04:42] CMD: find . -name AUTOVERSION.py | SUCCESS: True | OUTPUT_LEN: 34
[2026-07-23 16:05:03] CMD: ls -la AUTOVERSION.py install_hooks.py CHANGELOG.md | SUCCESS: True | OUTPUT_LEN: 248
[2026-07-23 16:05:13] CMD: find . -maxdepth 2 -name AUTOVERSION.py -o -name install_hooks.py | SUCCESS: True | OUTPUT_LEN: 0
[2026-07-23 16:05:17] CMD: ls -la | head -20 | SUCCESS: True | OUTPUT_LEN: 184
[2026-07-23 16:05:21] CMD: ls | SUCCESS: True | OUTPUT_LEN: 298
[2026-07-23 16:12:21] CMD: cat > AUTOVERSION.py << EOF | SUCCESS: True | OUTPUT_LEN: 164
[2026-07-23 16:12:39] CMD: python create_version_files.py | SUCCESS: True | OUTPUT_LEN: 137
[2026-07-23 16:12:45] CMD: echo #!/usr/bin/env python3
# Auto-generated version file - do not edit manually

VERSION = "1.0.0"

if __name__ == "__main__":
    import sys
    if "-c" in sys.argv:
        print(VERSION)
    else:
        print(f"KosDWM Auto-Version: {VERSION}") > AUTOVERSION.py | SUCCESS: True | OUTPUT_LEN: 262
[2026-07-23 16:12:50] CMD: echo VERSION = "1.0.0" > AUTOVERSION.py | SUCCESS: True | OUTPUT_LEN: 35
[2026-07-23 16:12:54] CMD: cat AUTOVERSION.py | SUCCESS: True | OUTPUT_LEN: 55
[2026-07-23 16:12:58] CMD: python3 -c open('AUTOVERSION.py', 'w').write('# Auto-generated\nVERSION = "1.0.0"\n') | SUCCESS: True | OUTPUT_LEN: 0
[2026-07-23 16:13:01] CMD: python3 -c open('CHANGELOG.md', 'w').write('# Changelog\n\n## [1.0.0] - 2025-01-21\n\n### Added\n- Initial release\n') | SUCCESS: True | OUTPUT_LEN: 0
